[www.crisp-id.ch/index.html]
[backblue.gif]
[fade.gif]
[index.html]
[www.crisp-id.ch/theme/crisp/assets/fonts/stylesheet.css]
[www.crisp-id.ch/theme/crisp/assets/base.css]
[www.crisp-id.ch/theme/crisp/assets/crisp.css]
[www.crisp-id.ch/theme/crisp/assets/images/crisp-id_Landingpage_Arrow.svg]
[www.crisp-id.ch/thumbs/1280×10000/homepage/2021/11/crisp-id-Felix-Spuhler-Waldweg-Web.jpg]
[www.crisp-id.ch/theme/crisp/assets/images/CRI_Wordmark_RGB_seafoam.svg]
[www.crisp-id.ch/files/people/2021/11/1637941474_crisp-id-Landingpage-Team-Felix.svg]
[www.crisp-id.ch/files/people/2022/01/1641397296_crisp-id-Landingpage-Team-Anna.svg]
[www.crisp-id.ch/files/people/2021/11/crisp-id-Landingpage-Team-Jerome.svg]
[www.crisp-id.ch/thumbs/960×10000/people/2022/01/crisp-id-Portrait-Felix-Spuhler.jpg]
[www.crisp-id.ch/thumbs/960×10000/people/2022/01/crisp-id-Portrait-Anna-Bitzer.jpg]
[www.crisp-id.ch/thumbs/960×10000/people/2022/01/crisp-id-Portrait-Jerome-Ruetsche.jpg]
[www.crisp-id.ch/theme/crisp/assets/images/crisp-id_Landingpage_Back button.svg]
[www.crisp-id.ch/theme/crisp/assets/crisp.js]
[www.crisp-id.ch/index.html]
[www.crisp-id.ch/theme/crisp/assets/fonts/SometimesTimesBETA-Regular.woff2]
[www.crisp-id.ch/theme/crisp/assets/fonts/SometimesTimesBETA-Regular.woff]
[www.crisp-id.ch/theme/crisp/assets/fonts/ObjectSans-Thin.woff2]
[www.crisp-id.ch/theme/crisp/assets/fonts/ObjectSans-Thin.woff]
[www.crisp-id.ch/theme/crisp/assets/fonts/Gustavo-Medium.woff2]
[www.crisp-id.ch/theme/crisp/assets/fonts/Gustavo-Medium.woff]
[www.crisp-id.ch/theme/crisp/assets/fonts/Gustavo-Regular.woff2]
[www.crisp-id.ch/theme/crisp/assets/fonts/Gustavo-Regular.woff]
[www.crisp-id.ch/theme/crisp/assets/fonts/ObjectSans-Regular.woff2]
[www.crisp-id.ch/theme/crisp/assets/fonts/ObjectSans-Regular.woff]
[www.crisp-id.ch/theme/crisp/assets/fonts/stylesheet.css]
[www.crisp-id.ch/theme/crisp/assets/base.css]
[www.crisp-id.ch/theme/crisp/assets/crisp.css]
[www.crisp-id.ch/theme/crisp/assets/images/crisp-id_Landingpage_Arrow.svg]
[www.crisp-id.ch/theme/crisp/assets/images/CRI_Wordmark_RGB_seafoam.svg]
[www.crisp-id.ch/files/people/2021/11/1637941474_crisp-id-Landingpage-Team-Felix.svg]
[www.crisp-id.ch/files/people/2022/01/1641397296_crisp-id-Landingpage-Team-Anna.svg]
[www.crisp-id.ch/files/people/2021/11/crisp-id-Landingpage-Team-Jerome.svg]
[www.crisp-id.ch/theme/crisp/assets/images/crisp-id_Landingpage_Back button.svg]
